// Jest Snapshot v1, https://goo.gl/fbAQLP

exports[`Logo snapshot 1`] = `
<img
  alt="healthifyme logo"
  class="sc-AxjAm fqmBvb"
  src="test-file-stub"
/>
`;
