// Jest Snapshot v1, https://goo.gl/fbAQLP

exports[`Spinner snapshot 1`] = `
<div
  class="sc-AxjAm ea-dyAp"
>
  <div
    class="sc-AxirZ iwZZzd"
  />
  <p
    class="sc-AxiKw gSxgiO"
  />
</div>
`;
